--
-- ASYNC
--
--Should work. Send a valid message via a valid channel name
SELECT mdb_notify('notify_async1','sample message1');
 mdb_notify 
-----------
 
(1 row)

SELECT mdb_notify('notify_async1','');
 mdb_notify 
-----------
 
(1 row)

SELECT mdb_notify('notify_async1',NULL);
 mdb_notify 
-----------
 
(1 row)

-- Should fail. Send a valid message via an invalid channel name
SELECT mdb_notify('','sample message1');
ERROR:  channel name cannot be empty
SELECT mdb_notify(NULL,'sample message1');
ERROR:  channel name cannot be empty
SELECT mdb_notify('notify_async_channel_name_too_long______________________________','sample_message1');
ERROR:  channel name too long
--Should work. Valid NOTIFY/LISTEN/UNLISTEN commands
NOTIFY notify_async2;
LISTEN notify_async2;
UNLISTEN notify_async2;
UNLISTEN *;
-- Should return zero while there are no pending notifications.
-- src/test/isolation/specs/async-notify.spec tests for actual usage.
SELECT mdb_notification_queue_usage();
 mdb_notification_queue_usage 
-----------------------------
                           0
(1 row)

