---
--- CREATE_EXTENSION
---
CREATE EXTENSION mdb_stat_statements;
NOTICE:  DDL test: type simple, tag CREATE EXTENSION
