--
-- Materialized views
--
CREATE MATERIALIZED VIEW mdb_class_mv AS
  SELECT * FROM mdb_class LIMIT 1 WITH NO DATA;
NOTICE:  DDL test: type simple, tag CREATE MATERIALIZED VIEW
REFRESH MATERIALIZED VIEW mdb_class_mv;
NOTICE:  DDL test: type simple, tag REFRESH MATERIALIZED VIEW
